[00:00] Crash dump logging enabled: D:\a\_temp\comfy-test-logs\Recgen-2337\main\windows-cpu\crash_dump.log
[00:00] 
[00:00] [1/5] SYNTAX
[00:00] ----------------------------------------
[00:00] 
[DEBUG] server=None, api=None
[00:00] Found pyproject.toml (modern format)
[00:00] Unicode check: OK (all characters cp1252-safe)
[00:00] Forbidden patterns check: OK
[00:00] [SYNTAX] PASSED
[00:00] 
[00:00] [2/5] INSTALL
[00:00] ----------------------------------------
[00:00] 
[DEBUG] server=None, api=None
[00:00] 
Setting up ComfyUI...
[00:00] Creating virtual environment at D:\a\_temp\comfy-test-workspaces\Recgen-2337\.venv...
[00:00] Running: uv venv D:\a\_temp\comfy-test-workspaces\Recgen-2337\.venv --python 3.11
[00:00] torch_version='2.10.0' -> pinning torch==2.10.0 torchvision==0.25.0 torchaudio==2.10.0
[00:00] Cloning ComfyUI (latest) to D:\a\_temp\comfy-test-workspaces\Recgen-2337\ComfyUI...
[00:00] Running: git clone --depth 1 https://github.com/comfyanonymous/ComfyUI.git D:\a\_temp\comfy-test-workspaces\Recgen-2337\ComfyUI
[00:01] Pinning torch family from https://download.pytorch.org/whl/cpu: torch==2.10.0 torchvision==0.25.0 torchaudio==2.10.0
[00:01] Running: uv pip install --python D:\a\_temp\comfy-test-workspaces\Recgen-2337\.venv\Scripts\python.exe --index-url https://download.pytorch.org/whl/cpu --extra-index-url https://pypi.org/simple --index-strategy unsafe-best-match torch==2.10.0 torchvision==0.25.0 torchaudio==2.10.0
[00:28] Installing ComfyUI requirements into D:\a\_temp\comfy-test-workspaces\Recgen-2337\.venv...
[00:28]     comfyui-frontend-package==1.44.19
[00:28]     comfyui-workflow-templates==0.9.85
[00:28]     comfyui-embedded-docs==0.5.1
[00:28]     torch
[00:28]     torchsde
[00:28]     torchvision
[00:28]     torchaudio
[00:28]     numpy>=1.25.0
[00:28]     einops
[00:28]     transformers>=4.50.3
[00:28]     tokenizers>=0.13.3
[00:28]     sentencepiece
[00:28]     safetensors>=0.4.2
[00:28]     aiohttp>=3.11.8
[00:28]     yarl>=1.18.0
[00:28]     pyyaml
[00:28]     Pillow
[00:28]     scipy
[00:28]     tqdm
[00:28]     psutil
[00:28]     alembic
[00:28]     SQLAlchemy>=2.0.0
[00:28]     filelock
[00:28]     av>=14.2.0
[00:28]     comfy-kitchen>=0.2.8
[00:28]     comfy-aimdo==0.4.5
[00:28]     requests
[00:28]     simpleeval>=1.0.0
[00:28]     blake3
[00:28]     
[00:28]     #non essential dependencies:
[00:28]     kornia>=0.7.1
[00:28]     spandrel
[00:28]     pydantic~=2.0
[00:28]     pydantic-settings~=2.0
[00:28]     PyOpenGL
[00:28]     glfw
[00:28] Running: uv pip install --python D:\a\_temp\comfy-test-workspaces\Recgen-2337\.venv\Scripts\python.exe --index-url https://download.pytorch.org/whl/cpu --extra-index-url https://pypi.org/simple --index-strategy unsafe-best-match -r D:\a\_temp\comfy-test-workspaces\Recgen-2337\ComfyUI\requirements.txt
[00:56] 
Installing custom node...
[00:56] Copying ComfyUI-Recgen to D:\a\_temp\comfy-test-workspaces\Recgen-2337\ComfyUI\custom_nodes\ComfyUI-Recgen...
[00:56] 
Running install.py...
[00:56] Running: D:\a\_temp\comfy-test-workspaces\Recgen-2337\.venv\Scripts\python.exe D:\a\_temp\comfy-test-workspaces\Recgen-2337\ComfyUI\custom_nodes\ComfyUI-Recgen\install.py
[01:04]   [ComfyUI-Recgen] Cloning RecGen into D:\a\_temp\comfy-test-workspaces\Recgen-2337\ComfyUI\custom_nodes\ComfyUI-Recgen\vendor\recgen ...
[01:04]   [ComfyUI-Recgen] Installing ComfyUI-Recgen package deps into D:\a\_temp\comfy-test-workspaces\Recgen-2337\.venv\Scripts\python.exe ...
[01:04]   [ComfyUI-Recgen] Installing recgen_inference from D:\a\_temp\comfy-test-workspaces\Recgen-2337\ComfyUI\custom_nodes\ComfyUI-Recgen\vendor\recgen ...
[01:04]   [ComfyUI-Recgen] Staged test 3D model at input/3d/cube.obj
[01:04] Installing validation endpoint...
[01:04]   Cloning PozzettiAndrea/ComfyUI-validate-endpoint...
[01:04] Running: git clone --depth 1 https://github.com/PozzettiAndrea/ComfyUI-validate-endpoint.git D:\a\_temp\comfy-test-workspaces\Recgen-2337\ComfyUI\custom_nodes\ComfyUI-validate-endpoint
[01:04] CUDA packages absent (will mock): spconv, flash_attn, nvdiffrast
[01:04] [INSTALL] PASSED
[01:04] 
[01:04] [3/5] REGISTRATION
[01:04] ----------------------------------------
[01:04] 
[DEBUG] server=None, api=None
[01:04] 
Starting ComfyUI server...
[01:04] Starting ComfyUI server on port 41890...
[01:04] CUDA mock packages: spconv, flash_attn, nvdiffrast
[01:04] Starting ComfyUI server on port 41890...
[01:04] Waiting for server to be ready (timeout: 600s)...
[01:07]   [ComfyUI] [32m[INFO][0m setup plugin alembic.autogenerate.schemas
[01:07]   [ComfyUI] [32m[INFO][0m setup plugin alembic.autogenerate.tables
[01:07]   [ComfyUI] [32m[INFO][0m setup plugin alembic.autogenerate.types
[01:07]   [ComfyUI] [32m[INFO][0m setup plugin alembic.autogenerate.constraints
[01:07]   [ComfyUI] [32m[INFO][0m setup plugin alembic.autogenerate.defaults
[01:07]   [ComfyUI] [32m[INFO][0m setup plugin alembic.autogenerate.comments
[01:16]   [ComfyUI] [32m[INFO][0m Found comfy_kitchen backend cuda: {'available': False, 'disabled': True, 'unavailable_reason': 'CUDA not available on this system', 'capabilities': []}
[01:16]   [ComfyUI] [32m[INFO][0m Found comfy_kitchen backend eager: {'available': True, 'disabled': False, 'unavailable_reason': None, 'capabilities': ['apply_rope', 'apply_rope1', 'dequantize_mxfp8', 'dequantize_nvfp4', 'dequantize_per_tensor_fp8', 'quantize_mxfp8', 'quantize_nvfp4', 'quantize_per_tensor_fp8', 'scaled_mm_mxfp8', 'scaled_mm_nvfp4']}
[01:16]   [ComfyUI] [32m[INFO][0m Found comfy_kitchen backend triton: {'available': False, 'disabled': True, 'unavailable_reason': "ImportError: No module named 'triton'", 'capabilities': []}
[01:16]   [ComfyUI] [32m[INFO][0m Checkpoint files will always be loaded safely.
[01:16]   [ComfyUI] [32m[INFO][0m Total VRAM 16379 MB, total RAM 16379 MB
[01:16]   [ComfyUI] [32m[INFO][0m pytorch version: 2.10.0+cpu
[01:16]   [ComfyUI] [32m[INFO][0m Set vram state to: DISABLED
[01:16]   [ComfyUI] [32m[INFO][0m Device: cpu
[01:17]   [ComfyUI] [32m[INFO][0m Using sub quadratic optimization for attention, if you have memory or speed issues try using: --use-split-cross-attention
[01:24]   [ComfyUI] [32m[INFO][0m Python version: 3.11.9 (tags/v3.11.9:de54cf5, Apr  2 2024, 10:12:12) [MSC v.1938 64 bit (AMD64)]
[01:24]   [ComfyUI] [32m[INFO][0m ComfyUI version: 0.22.0
[01:24]   [ComfyUI] [32m[INFO][0m comfy-aimdo version: 0.4.5
[01:24]   [ComfyUI] [32m[INFO][0m comfy-kitchen version: 0.2.8
[01:24]   [ComfyUI] [1m[33m[WARNING][0m ****** User settings have been changed to be stored on the server instead of browser storage. ******
[01:24]   [ComfyUI] [1m[33m[WARNING][0m ****** For multi-user setups add the --multi-user CLI argument to enable multiple user profiles. ******
[01:24]   [ComfyUI] [32m[INFO][0m comfyui-frontend-package version: 1.44.19
[01:24]   [ComfyUI] [32m[INFO][0m comfyui-workflow-templates version: 0.9.85
[01:24]   [ComfyUI] [32m[INFO][0m comfyui-embedded-docs version: 0.5.1
[01:24]   [ComfyUI] [32m[INFO][0m comfy-kitchen version: 0.2.8
[01:24]   [ComfyUI] [32m[INFO][0m comfy-aimdo version: 0.4.5
[01:24]   [ComfyUI] [32m[INFO][0m [Prompt Server] web root: D:\a\_temp\comfy-test-workspaces\Recgen-2337\.venv\Lib\site-packages\comfyui_frontend_package\static
[01:24]   [ComfyUI] [32m[INFO][0m Asset seeder disabled
[01:27]   [ComfyUI] [32m[INFO][0m
[01:27]   [ComfyUI] Import times for custom nodes:
[01:27]   [ComfyUI] [32m[INFO][0m    0.0 seconds: D:\a\_temp\comfy-test-workspaces\Recgen-2337\ComfyUI\custom_nodes\websocket_image_save.py
[01:27]   [ComfyUI] [32m[INFO][0m    0.0 seconds: D:\a\_temp\comfy-test-workspaces\Recgen-2337\ComfyUI\custom_nodes\ComfyUI-validate-endpoint
[01:27]   [ComfyUI] [32m[INFO][0m    0.0 seconds: D:\a\_temp\comfy-test-workspaces\Recgen-2337\ComfyUI\custom_nodes\ComfyUI-Recgen
[01:27]   [ComfyUI] [32m[INFO][0m
[01:28]   [ComfyUI] [32m[INFO][0m Context impl SQLiteImpl.
[01:28]   [ComfyUI] [32m[INFO][0m Will assume non-transactional DDL.
[01:28]   [ComfyUI] [32m[INFO][0m Context impl SQLiteImpl.
[01:28]   [ComfyUI] [32m[INFO][0m Will assume non-transactional DDL.
[01:28]   [ComfyUI] [32m[INFO][0m Running upgrade  -> 0001_assets, Initial assets schema
[01:28]   [ComfyUI] Revision ID: 0001_assets
[01:28]   [ComfyUI] Revises: None
[01:28]   [ComfyUI] Create Date: 2025-12-10 00:00:00
[01:28]   [ComfyUI] [32m[INFO][0m Running upgrade 0001_assets -> 0002_merge_to_asset_references, Merge AssetInfo and AssetCacheState into unified asset_references table.
[01:28]   [ComfyUI] [32m[INFO][0m Running upgrade 0002_merge_to_asset_references -> 0003_add_metadata_job_id, Add system_metadata and job_id columns to asset_references.
[01:28]   [ComfyUI] Change preview_id FK from assets.id to asset_references.id.
[01:28]   [ComfyUI] [32m[INFO][0m Database upgraded from None to 0003_add_metadata_job_id
[01:28]   [ComfyUI] [32m[INFO][0m Using RAM pressure cache.
[01:28]   [ComfyUI] [32m[INFO][0m Starting server
[01:28]   [ComfyUI] 
[01:28]   [ComfyUI] [32m[INFO][0m To see the GUI go to: http://127.0.0.1:41890
[01:28] Server responding, waiting for nodes to load...
[01:48] Server is ready!
[01:48] Checking for import errors in server logs...
[01:48] No import errors detected
[01:48] Found 745 registered nodes
[01:48] [REGISTRATION] PASSED
[01:48] 
[01:48] [4/5] VALIDATION
[01:48] ----------------------------------------
[01:49] 
[DEBUG] server=<comfy_test.comfyui.server.ComfyUIServer object at 0x000001D7A79D4990>, api=<comfy_test.comfyui.api.ComfyUIAPI object at 0x000001D7A79EB850>
[01:49] Validating 3 workflow(s)...
[01:49]   [1/3] Validating load_example_preview.json
[01:49]     OK
[01:49]   [2/3] Validating recgen_smoke.json
[01:49]     OK
[01:49]   [3/3] Validating preview3d_cube.json
[01:49]     OK
[01:49] [VALIDATION] PASSED
[01:49] 
[01:49] [5/5] EXECUTION_LIGHT
[01:49] ----------------------------------------
[01:49] 
[DEBUG] server=<comfy_test.comfyui.server.ComfyUIServer object at 0x000001D7A79D4990>, api=<comfy_test.comfyui.api.ComfyUIAPI object at 0x000001D7A79EB850>
[01:49] CPU runner - will execute 2 workflow(s)
[01:49] Running 3 workflow(s) (light mode: 1 screenshot per workflow)...
[01:49] Installing screenshot dependencies (playwright, pillow)...
[01:53]   Packages installed, downloading chromium browser...
[02:10]   Screenshot dependencies installed successfully
[02:10] Starting headless browser...
[02:11]   Downloading Mesa llvmpipe for Windows...
[02:16]   Copied opengl32.dll to Chromium dir
[02:16]   Copied libgallium_wgl.dll to Chromium dir
[02:16]   Using Mesa llvmpipe (desktop GL) -- multithreaded CPU rendering
[02:16]   [ComfyUI] [32m[INFO][0m Using RAM pressure cache.
[02:17]   [ComfyUI] [32m[INFO][0m got prompt
[02:17]   [ComfyUI] [32m[INFO][0m [32mPrompt executed in 0.20 seconds[0m
[02:17] Capturing: load_example_preview.json
[02:25]   Saved: D:\a\_temp\comfy-test-logs\Recgen-2337\main\windows-cpu\screenshots\load_example_preview_executed.png
[02:25]   [ComfyUI] [32m[INFO][0m Using RAM pressure cache.
[02:25]   [2/3] SKIPPED (not in cpu list) recgen_smoke.json

[02:26]   [ComfyUI] [32m[INFO][0m Using RAM pressure cache.
[02:26]   [ComfyUI] [32m[INFO][0m got prompt
[02:26]   [ComfyUI] [32m[INFO][0m [32mPrompt executed in 0.01 seconds[0m
[02:26] Capturing: preview3d_cube.json
[02:32]   Saved: D:\a\_temp\comfy-test-logs\Recgen-2337\main\windows-cpu\screenshots\preview3d_cube_executed.png
[02:32]   [ComfyUI] [32m[INFO][0m Using RAM pressure cache.
[02:32] Results saved to D:\a\_temp\comfy-test-logs\Recgen-2337\main\windows-cpu\results.json
[02:32] Saved: D:\a\_temp\comfy-test-logs\Recgen-2337\main\windows-cpu\index.html
[02:32] [EXECUTION_LIGHT] PASSED
[02:32] 
windows: PASSED
[02:32] Stopping ComfyUI server...
