[00:00] Crash dump logging enabled: /Users/runner/work/_temp/comfy-test-logs/Recgen-0703/main/macos-cpu/crash_dump.log
[00:00] 
[00:00] [1/4] SYNTAX
[00:00] ----------------------------------------
[00:00] 
[DEBUG] server=None, api=None
[00:00] Found pyproject.toml (modern format)
[00:00] Unicode check: OK (all characters cp1252-safe)
[00:00] Forbidden patterns check: OK
[00:00] [SYNTAX] PASSED
[00:00] 
[00:00] [2/4] INSTALL
[00:00] ----------------------------------------
[00:00] 
[DEBUG] server=None, api=None
[00:00] 
Setting up ComfyUI...
[00:00] Cloning ComfyUI (latest)...
[00:00] Running: git clone --depth 1 https://github.com/comfyanonymous/ComfyUI.git /Users/runner/work/_temp/comfy-test-workspaces/Recgen-0703/ComfyUI
[00:01] Creating virtual environment...
[00:01] Running: /Library/Frameworks/Python.framework/Versions/3.11/bin/python -m venv /Users/runner/work/_temp/comfy-test-workspaces/Recgen-0703/venv
[00:03] Installing uv into venv...
[00:03] Running: /Users/runner/work/_temp/comfy-test-workspaces/Recgen-0703/venv/bin/python -m pip install uv
[00:04] Installing PyTorch...
[00:04] Pinning torch family: torch==2.10.0 torchvision==0.25.0 torchaudio==2.10.0
[00:04] Running: /Users/runner/work/_temp/comfy-test-workspaces/Recgen-0703/venv/bin/python -m uv pip install torch==2.10.0 torchvision==0.25.0 torchaudio==2.10.0
[00:08] Installing ComfyUI requirements...
[00:08] Running: /Users/runner/work/_temp/comfy-test-workspaces/Recgen-0703/venv/bin/python -m uv pip install -r /Users/runner/work/_temp/comfy-test-workspaces/Recgen-0703/ComfyUI/requirements.txt
[00:16] 
Installing custom node...
[00:16] Copying ComfyUI-Recgen to custom_nodes/...
[00:16] 
Running install.py...
[00:16] Running: /Users/runner/work/_temp/comfy-test-workspaces/Recgen-0703/venv/bin/python /Users/runner/work/_temp/comfy-test-workspaces/Recgen-0703/ComfyUI/custom_nodes/ComfyUI-Recgen/install.py
[00:18]   Obtaining file:///Users/runner/work/_temp/comfy-test-workspaces/Recgen-0703/ComfyUI/custom_nodes/ComfyUI-Recgen/vendor/recgen
[00:18]     Installing build dependencies: started
[00:20]     Installing build dependencies: finished with status 'done'
[00:20]     Checking if build backend supports build_editable: started
[00:21]     Checking if build backend supports build_editable: finished with status 'done'
[00:21]     Getting requirements to build editable: started
[00:21]     Getting requirements to build editable: finished with status 'done'
[00:21]     Preparing editable metadata (pyproject.toml): started
[00:21]     Preparing editable metadata (pyproject.toml): finished with status 'done'
[00:21]   Requirement already satisfied: torch>=2.0 in /Users/runner/work/_temp/comfy-test-workspaces/Recgen-0703/venv/lib/python3.11/site-packages (from recgen_inference==0.1.0) (2.10.0)
[00:21]   Requirement already satisfied: torchvision in /Users/runner/work/_temp/comfy-test-workspaces/Recgen-0703/venv/lib/python3.11/site-packages (from recgen_inference==0.1.0) (0.25.0)
[00:21]   Requirement already satisfied: numpy in /Users/runner/work/_temp/comfy-test-workspaces/Recgen-0703/venv/lib/python3.11/site-packages (from recgen_inference==0.1.0) (2.4.6)
[00:21]   Requirement already satisfied: scipy in /Users/runner/work/_temp/comfy-test-workspaces/Recgen-0703/venv/lib/python3.11/site-packages (from recgen_inference==0.1.0) (1.17.1)
[00:21]   Requirement already satisfied: Pillow in /Users/runner/work/_temp/comfy-test-workspaces/Recgen-0703/venv/lib/python3.11/site-packages (from recgen_inference==0.1.0) (12.2.0)
[00:21]   Collecting trimesh (from recgen_inference==0.1.0)
[00:21]     Downloading trimesh-4.12.2-py3-none-any.whl.metadata (13 kB)
[00:21]   Requirement already satisfied: safetensors in /Users/runner/work/_temp/comfy-test-workspaces/Recgen-0703/venv/lib/python3.11/site-packages (from recgen_inference==0.1.0) (0.7.0)
[00:21]   Requirement already satisfied: huggingface-hub in /Users/runner/work/_temp/comfy-test-workspaces/Recgen-0703/venv/lib/python3.11/site-packages (from recgen_inference==0.1.0) (1.16.4)
[00:21]   Collecting easydict (from recgen_inference==0.1.0)
[00:21]     Downloading easydict-1.13-py3-none-any.whl.metadata (4.2 kB)
[00:21]   Requirement already satisfied: tqdm in /Users/runner/work/_temp/comfy-test-workspaces/Recgen-0703/venv/lib/python3.11/site-packages (from recgen_inference==0.1.0) (4.67.3)
[00:21]   Collecting plyfile (from recgen_inference==0.1.0)
[00:21]     Downloading plyfile-1.1.3-py3-none-any.whl.metadata (43 kB)
[00:21]        ━━━━━━━━━━━━━━━━━━━━━━━━━━━━━━━━━━━━━━━━ 43.3/43.3 kB 2.4 MB/s eta 0:00:00
[00:21]   Collecting opencv-python-headless (from recgen_inference==0.1.0)
[00:21]     Downloading opencv_python_headless-4.13.0.92-cp37-abi3-macosx_13_0_arm64.whl.metadata (19 kB)
[00:21]   Requirement already satisfied: filelock in /Users/runner/work/_temp/comfy-test-workspaces/Recgen-0703/venv/lib/python3.11/site-packages (from torch>=2.0->recgen_inference==0.1.0) (3.29.0)
[00:21]   Requirement already satisfied: typing-extensions>=4.10.0 in /Users/runner/work/_temp/comfy-test-workspaces/Recgen-0703/venv/lib/python3.11/site-packages (from torch>=2.0->recgen_inference==0.1.0) (4.15.0)
[00:21]   Requirement already satisfied: sympy>=1.13.3 in /Users/runner/work/_temp/comfy-test-workspaces/Recgen-0703/venv/lib/python3.11/site-packages (from torch>=2.0->recgen_inference==0.1.0) (1.14.0)
[00:21]   Requirement already satisfied: networkx>=2.5.1 in /Users/runner/work/_temp/comfy-test-workspaces/Recgen-0703/venv/lib/python3.11/site-packages (from torch>=2.0->recgen_inference==0.1.0) (3.6.1)
[00:21]   Requirement already satisfied: jinja2 in /Users/runner/work/_temp/comfy-test-workspaces/Recgen-0703/venv/lib/python3.11/site-packages (from torch>=2.0->recgen_inference==0.1.0) (3.1.6)
[00:21]   Requirement already satisfied: fsspec>=0.8.5 in /Users/runner/work/_temp/comfy-test-workspaces/Recgen-0703/venv/lib/python3.11/site-packages (from torch>=2.0->recgen_inference==0.1.0) (2026.4.0)
[00:21]   Requirement already satisfied: click>=8.4.0 in /Users/runner/work/_temp/comfy-test-workspaces/Recgen-0703/venv/lib/python3.11/site-packages (from huggingface-hub->recgen_inference==0.1.0) (8.4.1)
[00:21]   Requirement already satisfied: hf-xet<2.0.0,>=1.4.3 in /Users/runner/work/_temp/comfy-test-workspaces/Recgen-0703/venv/lib/python3.11/site-packages (from huggingface-hub->recgen_inference==0.1.0) (1.5.0)
[00:21]   Requirement already satisfied: httpx<1,>=0.23.0 in /Users/runner/work/_temp/comfy-test-workspaces/Recgen-0703/venv/lib/python3.11/site-packages (from huggingface-hub->recgen_inference==0.1.0) (0.28.1)
[00:21]   Requirement already satisfied: packaging>=20.9 in /Users/runner/work/_temp/comfy-test-workspaces/Recgen-0703/venv/lib/python3.11/site-packages (from huggingface-hub->recgen_inference==0.1.0) (26.2)
[00:21]   Requirement already satisfied: pyyaml>=5.1 in /Users/runner/work/_temp/comfy-test-workspaces/Recgen-0703/venv/lib/python3.11/site-packages (from huggingface-hub->recgen_inference==0.1.0) (6.0.3)
[00:21]   Requirement already satisfied: typer<0.26.0,>=0.20.0 in /Users/runner/work/_temp/comfy-test-workspaces/Recgen-0703/venv/lib/python3.11/site-packages (from huggingface-hub->recgen_inference==0.1.0) (0.25.1)
[00:22]   Requirement already satisfied: anyio in /Users/runner/work/_temp/comfy-test-workspaces/Recgen-0703/venv/lib/python3.11/site-packages (from httpx<1,>=0.23.0->huggingface-hub->recgen_inference==0.1.0) (4.13.0)
[00:22]   Requirement already satisfied: certifi in /Users/runner/work/_temp/comfy-test-workspaces/Recgen-0703/venv/lib/python3.11/site-packages (from httpx<1,>=0.23.0->huggingface-hub->recgen_inference==0.1.0) (2026.5.20)
[00:22]   Requirement already satisfied: httpcore==1.* in /Users/runner/work/_temp/comfy-test-workspaces/Recgen-0703/venv/lib/python3.11/site-packages (from httpx<1,>=0.23.0->huggingface-hub->recgen_inference==0.1.0) (1.0.9)
[00:22]   Requirement already satisfied: idna in /Users/runner/work/_temp/comfy-test-workspaces/Recgen-0703/venv/lib/python3.11/site-packages (from httpx<1,>=0.23.0->huggingface-hub->recgen_inference==0.1.0) (3.16)
[00:22]   Requirement already satisfied: h11>=0.16 in /Users/runner/work/_temp/comfy-test-workspaces/Recgen-0703/venv/lib/python3.11/site-packages (from httpcore==1.*->httpx<1,>=0.23.0->huggingface-hub->recgen_inference==0.1.0) (0.16.0)
[00:22]   Requirement already satisfied: mpmath<1.4,>=1.1.0 in /Users/runner/work/_temp/comfy-test-workspaces/Recgen-0703/venv/lib/python3.11/site-packages (from sympy>=1.13.3->torch>=2.0->recgen_inference==0.1.0) (1.3.0)
[00:22]   Requirement already satisfied: shellingham>=1.3.0 in /Users/runner/work/_temp/comfy-test-workspaces/Recgen-0703/venv/lib/python3.11/site-packages (from typer<0.26.0,>=0.20.0->huggingface-hub->recgen_inference==0.1.0) (1.5.4)
[00:22]   Requirement already satisfied: rich>=13.8.0 in /Users/runner/work/_temp/comfy-test-workspaces/Recgen-0703/venv/lib/python3.11/site-packages (from typer<0.26.0,>=0.20.0->huggingface-hub->recgen_inference==0.1.0) (15.0.0)
[00:22]   Requirement already satisfied: annotated-doc>=0.0.2 in /Users/runner/work/_temp/comfy-test-workspaces/Recgen-0703/venv/lib/python3.11/site-packages (from typer<0.26.0,>=0.20.0->huggingface-hub->recgen_inference==0.1.0) (0.0.4)
[00:22]   Requirement already satisfied: MarkupSafe>=2.0 in /Users/runner/work/_temp/comfy-test-workspaces/Recgen-0703/venv/lib/python3.11/site-packages (from jinja2->torch>=2.0->recgen_inference==0.1.0) (3.0.3)
[00:22]   Requirement already satisfied: markdown-it-py>=2.2.0 in /Users/runner/work/_temp/comfy-test-workspaces/Recgen-0703/venv/lib/python3.11/site-packages (from rich>=13.8.0->typer<0.26.0,>=0.20.0->huggingface-hub->recgen_inference==0.1.0) (4.2.0)
[00:22]   Requirement already satisfied: pygments<3.0.0,>=2.13.0 in /Users/runner/work/_temp/comfy-test-workspaces/Recgen-0703/venv/lib/python3.11/site-packages (from rich>=13.8.0->typer<0.26.0,>=0.20.0->huggingface-hub->recgen_inference==0.1.0) (2.20.0)
[00:22]   Requirement already satisfied: mdurl~=0.1 in /Users/runner/work/_temp/comfy-test-workspaces/Recgen-0703/venv/lib/python3.11/site-packages (from markdown-it-py>=2.2.0->rich>=13.8.0->typer<0.26.0,>=0.20.0->huggingface-hub->recgen_inference==0.1.0) (0.1.2)
[00:22]   Downloading easydict-1.13-py3-none-any.whl (6.8 kB)
[00:22]   Downloading opencv_python_headless-4.13.0.92-cp37-abi3-macosx_13_0_arm64.whl (46.2 MB)
[00:22]      ━━━━━━━━━━━━━━━━━━━━━━━━━━━━━━━━━━━━━━━━ 46.2/46.2 MB 152.3 MB/s eta 0:00:00
[00:22]   Downloading plyfile-1.1.3-py3-none-any.whl (36 kB)
[00:22]   Downloading trimesh-4.12.2-py3-none-any.whl (741 kB)
[00:22]      ━━━━━━━━━━━━━━━━━━━━━━━━━━━━━━━━━━━━━━━ 741.0/741.0 kB 147.3 MB/s eta 0:00:00
[00:22]   Building wheels for collected packages: recgen_inference
[00:22]     Building editable for recgen_inference (pyproject.toml): started
[00:22]     Building editable for recgen_inference (pyproject.toml): finished with status 'done'
[00:22]     Created wheel for recgen_inference: filename=recgen_inference-0.1.0-0.editable-py3-none-any.whl size=8239 sha256=599d9dd1be76ed28e9e1adf73474e72ccfe50b9b3610a628bd8f03051ef55729
[00:22]     Stored in directory: /private/var/folders/p8/qyz0lmpd2mld64f_f4c66y4c0000gn/T/pip-ephem-wheel-cache-ojy2grjd/wheels/f8/2f/74/a4bdf2ced154d8daf393b3c3f10f42897c95232c8b3813c6aa
[00:22]   Successfully built recgen_inference
[00:23]   Installing collected packages: easydict, trimesh, plyfile, opencv-python-headless, recgen_inference
[00:24]   Successfully installed easydict-1.13 opencv-python-headless-4.13.0.92 plyfile-1.1.3 recgen_inference-0.1.0 trimesh-4.12.2
[00:24]   [ComfyUI-Recgen] Cloning RecGen into /Users/runner/work/_temp/comfy-test-workspaces/Recgen-0703/ComfyUI/custom_nodes/ComfyUI-Recgen/vendor/recgen ...
[00:24]   [ComfyUI-Recgen] Installing recgen_inference from /Users/runner/work/_temp/comfy-test-workspaces/Recgen-0703/ComfyUI/custom_nodes/ComfyUI-Recgen/vendor/recgen ...
[00:24] Installing validation endpoint...
[00:24]   Cloning PozzettiAndrea/ComfyUI-validate-endpoint...
[00:24] Running: git clone --depth 1 https://github.com/PozzettiAndrea/ComfyUI-validate-endpoint.git /Users/runner/work/_temp/comfy-test-workspaces/Recgen-0703/ComfyUI/custom_nodes/ComfyUI-validate-endpoint
[00:25] CUDA packages absent (will mock): spconv, flash_attn, nvdiffrast
[00:25] [INSTALL] PASSED
[00:25] 
[00:25] [3/4] REGISTRATION
[00:25] ----------------------------------------
[00:25] 
[DEBUG] server=None, api=None
[00:25] 
Starting ComfyUI server...
[00:25] Starting ComfyUI server on port 41886...
[00:25] CUDA mock packages: spconv, flash_attn, nvdiffrast
[00:25] Starting ComfyUI server on port 41886...
[00:25] Waiting for server to be ready (timeout: 600s)...
[00:26]   [ComfyUI] [32m[INFO][0m setup plugin alembic.autogenerate.schemas
[00:26]   [ComfyUI] [32m[INFO][0m setup plugin alembic.autogenerate.tables
[00:26]   [ComfyUI] [32m[INFO][0m setup plugin alembic.autogenerate.types
[00:26]   [ComfyUI] [32m[INFO][0m setup plugin alembic.autogenerate.constraints
[00:26]   [ComfyUI] [32m[INFO][0m setup plugin alembic.autogenerate.defaults
[00:26]   [ComfyUI] [32m[INFO][0m setup plugin alembic.autogenerate.comments
[00:26]   [ComfyUI] [1m[33m[WARNING][0m Could not autodetect AIMDO implementation, assuming Nvidia
[00:26]   [ComfyUI] [32m[INFO][0m comfy-aimdo unsupported operating system: Darwin
[00:26]   [ComfyUI] [32m[INFO][0m NOTE: comfy-aimdo currently only supports Windows and Linux
[00:33]   [ComfyUI] [32m[INFO][0m Found comfy_kitchen backend eager: {'available': True, 'disabled': False, 'unavailable_reason': None, 'capabilities': ['apply_rope', 'apply_rope1', 'dequantize_mxfp8', 'dequantize_nvfp4', 'dequantize_per_tensor_fp8', 'quantize_mxfp8', 'quantize_nvfp4', 'quantize_per_tensor_fp8', 'scaled_mm_mxfp8', 'scaled_mm_nvfp4']}
[00:33]   [ComfyUI] [32m[INFO][0m Found comfy_kitchen backend triton: {'available': False, 'disabled': True, 'unavailable_reason': "ImportError: No module named 'triton'", 'capabilities': []}
[00:33]   [ComfyUI] [32m[INFO][0m Found comfy_kitchen backend cuda: {'available': False, 'disabled': True, 'unavailable_reason': 'Extension file not found: /Users/runner/work/_temp/comfy-test-workspaces/Recgen-0703/venv/lib/python3.11/site-packages/comfy_kitchen/backends/cuda/_C.abi3.so', 'capabilities': []}
[00:33]   [ComfyUI] [32m[INFO][0m Checkpoint files will always be loaded safely.
[00:33]   [ComfyUI] [32m[INFO][0m Total VRAM 7168 MB, total RAM 7168 MB
[00:33]   [ComfyUI] [32m[INFO][0m pytorch version: 2.10.0
[00:33]   [ComfyUI] [32m[INFO][0m Mac Version (15, 7, 7)
[00:33]   [ComfyUI] [32m[INFO][0m Set vram state to: SHARED
[00:33]   [ComfyUI] [32m[INFO][0m Device: mps
[00:34]   [ComfyUI] [32m[INFO][0m Using sub quadratic optimization for attention, if you have memory or speed issues try using: --use-split-cross-attention
[00:36]   [ComfyUI] objc[1444]: Class AVFFrameReceiver is implemented in both /Users/runner/work/_temp/comfy-test-workspaces/Recgen-0703/venv/lib/python3.11/site-packages/av/.dylibs/libavdevice.62.1.100.dylib (0x110b4c3a8) and /Users/runner/work/_temp/comfy-test-workspaces/Recgen-0703/venv/lib/python3.11/site-packages/cv2/.dylibs/libavdevice.61.3.100.dylib (0x1248ec3a8). This may cause spurious casting failures and mysterious crashes. One of the duplicates must be removed or renamed.
[00:36]   [ComfyUI] objc[1444]: Class AVFAudioReceiver is implemented in both /Users/runner/work/_temp/comfy-test-workspaces/Recgen-0703/venv/lib/python3.11/site-packages/av/.dylibs/libavdevice.62.1.100.dylib (0x110b4c3f8) and /Users/runner/work/_temp/comfy-test-workspaces/Recgen-0703/venv/lib/python3.11/site-packages/cv2/.dylibs/libavdevice.61.3.100.dylib (0x1248ec3f8). This may cause spurious casting failures and mysterious crashes. One of the duplicates must be removed or renamed.
[00:44]   [ComfyUI] [32m[INFO][0m Python version: 3.11.9 (v3.11.9:de54cf5be3, Apr  2 2024, 07:12:50) [Clang 13.0.0 (clang-1300.0.29.30)]
[00:44]   [ComfyUI] [32m[INFO][0m ComfyUI version: 0.22.0
[00:44]   [ComfyUI] [32m[INFO][0m comfy-aimdo version: 0.4.5
[00:44]   [ComfyUI] [32m[INFO][0m comfy-kitchen version: 0.2.8
[00:44]   [ComfyUI] [1m[33m[WARNING][0m ****** User settings have been changed to be stored on the server instead of browser storage. ******
[00:44]   [ComfyUI] [1m[33m[WARNING][0m ****** For multi-user setups add the --multi-user CLI argument to enable multiple user profiles. ******
[00:44]   [ComfyUI] [32m[INFO][0m comfyui-frontend-package version: 1.44.19
[00:44]   [ComfyUI] [32m[INFO][0m comfyui-workflow-templates version: 0.9.85
[00:44]   [ComfyUI] [32m[INFO][0m comfyui-embedded-docs version: 0.5.1
[00:44]   [ComfyUI] [32m[INFO][0m comfy-kitchen version: 0.2.8
[00:44]   [ComfyUI] [32m[INFO][0m comfy-aimdo version: 0.4.5
[00:44]   [ComfyUI] [32m[INFO][0m [Prompt Server] web root: /Users/runner/work/_temp/comfy-test-workspaces/Recgen-0703/venv/lib/python3.11/site-packages/comfyui_frontend_package/static
[00:44]   [ComfyUI] [32m[INFO][0m Asset seeder disabled
[00:47]   [ComfyUI] [32m[INFO][0m
[00:47]   [ComfyUI] Import times for custom nodes:
[00:47]   [ComfyUI] [32m[INFO][0m    0.0 seconds: /Users/runner/work/_temp/comfy-test-workspaces/Recgen-0703/ComfyUI/custom_nodes/ComfyUI-validate-endpoint
[00:47]   [ComfyUI] [32m[INFO][0m    0.0 seconds: /Users/runner/work/_temp/comfy-test-workspaces/Recgen-0703/ComfyUI/custom_nodes/websocket_image_save.py
[00:47]   [ComfyUI] [32m[INFO][0m    0.0 seconds: /Users/runner/work/_temp/comfy-test-workspaces/Recgen-0703/ComfyUI/custom_nodes/ComfyUI-Recgen
[00:47]   [ComfyUI] [32m[INFO][0m
[00:47]   [ComfyUI] [32m[INFO][0m Context impl SQLiteImpl.
[00:47]   [ComfyUI] [32m[INFO][0m Will assume non-transactional DDL.
[00:47]   [ComfyUI] [32m[INFO][0m Context impl SQLiteImpl.
[00:47]   [ComfyUI] [32m[INFO][0m Will assume non-transactional DDL.
[00:47]   [ComfyUI] [32m[INFO][0m Running upgrade  -> 0001_assets, Initial assets schema
[00:47]   [ComfyUI] Revision ID: 0001_assets
[00:47]   [ComfyUI] Revises: None
[00:47]   [ComfyUI] Create Date: 2025-12-10 00:00:00
[00:47]   [ComfyUI] [32m[INFO][0m Running upgrade 0001_assets -> 0002_merge_to_asset_references, Merge AssetInfo and AssetCacheState into unified asset_references table.
[00:47]   [ComfyUI] [32m[INFO][0m Running upgrade 0002_merge_to_asset_references -> 0003_add_metadata_job_id, Add system_metadata and job_id columns to asset_references.
[00:47]   [ComfyUI] Change preview_id FK from assets.id to asset_references.id.
[00:47]   [ComfyUI] [32m[INFO][0m Database upgraded from None to 0003_add_metadata_job_id
[00:47]   [ComfyUI] [32m[INFO][0m Using RAM pressure cache.
[00:47]   [ComfyUI] [32m[INFO][0m Starting server
[00:47]   [ComfyUI] 
[00:47]   [ComfyUI] [32m[INFO][0m To see the GUI go to: http://127.0.0.1:41886
[00:47] Server responding, waiting for nodes to load...
[01:07] Server is ready!
[01:07] Checking for import errors in server logs...
[01:07] No import errors detected
[01:08] Found 745 registered nodes
[01:08] [REGISTRATION] PASSED
[01:08] 
[01:08] [4/4] EXECUTION_LIGHT
[01:08] ----------------------------------------
[01:08] 
[DEBUG] server=<comfy_test.comfyui.server.ComfyUIServer object at 0x105d1b2d0>, api=<comfy_test.comfyui.api.ComfyUIAPI object at 0x105cf2850>
[01:08] CPU runner - will execute 1 workflow(s)
[01:08] Running 2 workflow(s) (light mode: 1 screenshot per workflow)...
[01:08] Installing screenshot dependencies (playwright, pillow)...
[01:10]   Packages installed, downloading chromium browser...
[01:21]   Screenshot dependencies installed successfully
[01:21] Starting headless browser...
[01:21]   macOS -- using Apple Metal GPU via ANGLE
[01:22]   [ComfyUI] [32m[INFO][0m Using RAM pressure cache.
[01:22]   [ComfyUI] [32m[INFO][0m got prompt
[01:23]   [ComfyUI] [32m[INFO][0m [32mPrompt executed in 0.23 seconds[0m
[01:23] Capturing: load_example_preview.json
[01:30]   Saved: /Users/runner/work/_temp/comfy-test-logs/Recgen-0703/main/macos-cpu/screenshots/load_example_preview_executed.png
[01:30]   [ComfyUI] [32m[INFO][0m Using RAM pressure cache.
[01:30]   [2/2] SKIPPED (not in cpu list) recgen_smoke.json
[01:30]   [ComfyUI] [32m[INFO][0m Using RAM pressure cache.
[01:30] Results saved to /Users/runner/work/_temp/comfy-test-logs/Recgen-0703/main/macos-cpu/results.json
[01:30] Saved: /Users/runner/work/_temp/comfy-test-logs/Recgen-0703/main/macos-cpu/index.html
[01:30] [EXECUTION_LIGHT] PASSED
[01:30] 
macos: PASSED
[01:30] Stopping ComfyUI server...
